
> @clarity-chat/licensing@0.1.0 typecheck
> tsc --noEmit

error TS5083: Cannot read file '/Users/christireid/Dev/Clarity-ai-chat-components/tsconfig.json'.
../../node_modules/@types/eslint-scope/index.d.ts(7,5): error TS2416: Property 'scopes' in type 'ScopeManager' is not assignable to the same property in base type 'ScopeManager'.
  Type 'import("/Users/christireid/Dev/Clarity-ai-chat-components/node_modules/@types/eslint-scope/index").Scope[]' is not assignable to type 'import("/Users/christireid/Dev/Clarity-ai-chat-components/node_modules/eslint/lib/types/index").Scope.Scope[]'.
    Type 'import("/Users/christireid/Dev/Clarity-ai-chat-components/node_modules/@types/eslint-scope/index").Scope' is not assignable to type 'import("/Users/christireid/Dev/Clarity-ai-chat-components/node_modules/eslint/lib/types/index").Scope.Scope'.
      Types of property 'block' are incompatible.
        Type 'import("/Users/christireid/Dev/Clarity-ai-chat-components/node_modules/@types/estree/index").Node' is not assignable to type 'import("/Users/christireid/Dev/Clarity-ai-chat-components/node_modules/eslint/node_modules/@types/estree/index").Node'.
          Type 'Program' is not assignable to type 'Node'.
            Type 'import("/Users/christireid/Dev/Clarity-ai-chat-components/node_modules/@types/estree/index").Program' is not assignable to type 'import("/Users/christireid/Dev/Clarity-ai-chat-components/node_modules/eslint/node_modules/@types/estree/index").Program'.
              Types of property 'body' are incompatible.
                Type '(Statement | ModuleDeclaration | Directive)[]' is not assignable to type '(ModuleDeclaration | Statement | Directive)[]'.
                  Type 'Statement | ModuleDeclaration | Directive' is not assignable to type 'ModuleDeclaration | Statement | Directive'.
                    Type 'ImportDeclaration' is not assignable to type 'ModuleDeclaration | Statement | Directive'.
                      Property 'attributes' is missing in type 'import("/Users/christireid/Dev/Clarity-ai-chat-components/node_modules/@types/estree/index").ImportDeclaration' but required in type 'import("/Users/christireid/Dev/Clarity-ai-chat-components/node_modules/eslint/node_modules/@types/estree/index").ImportDeclaration'.
../../node_modules/@types/eslint-scope/index.d.ts(8,5): error TS2416: Property 'globalScope' in type 'ScopeManager' is not assignable to the same property in base type 'ScopeManager'.
  Type 'import("/Users/christireid/Dev/Clarity-ai-chat-components/node_modules/@types/eslint-scope/index").Scope' is not assignable to type 'import("/Users/christireid/Dev/Clarity-ai-chat-components/node_modules/eslint/lib/types/index").Scope.Scope'.
    Types of property 'block' are incompatible.
      Type 'import("/Users/christireid/Dev/Clarity-ai-chat-components/node_modules/@types/estree/index").Node' is not assignable to type 'import("/Users/christireid/Dev/Clarity-ai-chat-components/node_modules/eslint/node_modules/@types/estree/index").Node'.
        Type 'Program' is not assignable to type 'Node'.
          Type 'import("/Users/christireid/Dev/Clarity-ai-chat-components/node_modules/@types/estree/index").Program' is not assignable to type 'import("/Users/christireid/Dev/Clarity-ai-chat-components/node_modules/eslint/node_modules/@types/estree/index").Program'.
            Types of property 'body' are incompatible.
              Type '(Statement | ModuleDeclaration | Directive)[]' is not assignable to type '(ModuleDeclaration | Statement | Directive)[]'.
                Type 'Statement | ModuleDeclaration | Directive' is not assignable to type 'ModuleDeclaration | Statement | Directive'.
                  Type 'ImportDeclaration' is not assignable to type 'ModuleDeclaration | Statement | Directive'.
                    Property 'attributes' is missing in type 'import("/Users/christireid/Dev/Clarity-ai-chat-components/node_modules/@types/estree/index").ImportDeclaration' but required in type 'import("/Users/christireid/Dev/Clarity-ai-chat-components/node_modules/eslint/node_modules/@types/estree/index").ImportDeclaration'.
../../node_modules/@types/eslint-scope/index.d.ts(9,5): error TS2416: Property 'acquire' in type 'ScopeManager' is not assignable to the same property in base type 'ScopeManager'.
  Type '(node: {}, inner?: boolean) => Scope' is not assignable to type '(node: Node, inner?: boolean) => Scope'.
    Call signature return types 'Scope' and 'Scope' are incompatible.
      The types of 'block' are incompatible between these types.
        Type 'import("/Users/christireid/Dev/Clarity-ai-chat-components/node_modules/@types/estree/index").Node' is not assignable to type 'import("/Users/christireid/Dev/Clarity-ai-chat-components/node_modules/eslint/node_modules/@types/estree/index").Node'.
          Type 'Program' is not assignable to type 'Node'.
            Type 'import("/Users/christireid/Dev/Clarity-ai-chat-components/node_modules/@types/estree/index").Program' is not assignable to type 'import("/Users/christireid/Dev/Clarity-ai-chat-components/node_modules/eslint/node_modules/@types/estree/index").Program'.
              Types of property 'body' are incompatible.
                Type '(Statement | ModuleDeclaration | Directive)[]' is not assignable to type '(ModuleDeclaration | Statement | Directive)[]'.
                  Type 'Statement | ModuleDeclaration | Directive' is not assignable to type 'ModuleDeclaration | Statement | Directive'.
                    Type 'ImportDeclaration' is not assignable to type 'ModuleDeclaration | Statement | Directive'.
                      Property 'attributes' is missing in type 'import("/Users/christireid/Dev/Clarity-ai-chat-components/node_modules/@types/estree/index").ImportDeclaration' but required in type 'import("/Users/christireid/Dev/Clarity-ai-chat-components/node_modules/eslint/node_modules/@types/estree/index").ImportDeclaration'.
../../node_modules/@types/eslint-scope/index.d.ts(10,5): error TS2416: Property 'getDeclaredVariables' in type 'ScopeManager' is not assignable to the same property in base type 'ScopeManager'.
  Type '(node: {}) => Variable[]' is not assignable to type '(node: Node) => Variable[]'.
    Type 'import("/Users/christireid/Dev/Clarity-ai-chat-components/node_modules/@types/eslint-scope/index").Variable[]' is not assignable to type 'import("/Users/christireid/Dev/Clarity-ai-chat-components/node_modules/eslint/lib/types/index").Scope.Variable[]'.
      Type 'import("/Users/christireid/Dev/Clarity-ai-chat-components/node_modules/@types/eslint-scope/index").Variable' is not assignable to type 'import("/Users/christireid/Dev/Clarity-ai-chat-components/node_modules/eslint/lib/types/index").Scope.Variable'.
        The types of 'scope.block' are incompatible between these types.
          Type 'import("/Users/christireid/Dev/Clarity-ai-chat-components/node_modules/@types/estree/index").Node' is not assignable to type 'import("/Users/christireid/Dev/Clarity-ai-chat-components/node_modules/eslint/node_modules/@types/estree/index").Node'.
            Type 'Program' is not assignable to type 'Node'.
              Type 'import("/Users/christireid/Dev/Clarity-ai-chat-components/node_modules/@types/estree/index").Program' is not assignable to type 'import("/Users/christireid/Dev/Clarity-ai-chat-components/node_modules/eslint/node_modules/@types/estree/index").Program'.
                Types of property 'body' are incompatible.
                  Type '(Statement | ModuleDeclaration | Directive)[]' is not assignable to type '(ModuleDeclaration | Statement | Directive)[]'.
                    Type 'Statement | ModuleDeclaration | Directive' is not assignable to type 'ModuleDeclaration | Statement | Directive'.
                      Type 'ImportDeclaration' is not assignable to type 'ModuleDeclaration | Statement | Directive'.
                        Property 'attributes' is missing in type 'import("/Users/christireid/Dev/Clarity-ai-chat-components/node_modules/@types/estree/index").ImportDeclaration' but required in type 'import("/Users/christireid/Dev/Clarity-ai-chat-components/node_modules/eslint/node_modules/@types/estree/index").ImportDeclaration'.
../../node_modules/@types/eslint-scope/index.d.ts(27,5): error TS2416: Property 'upper' in type 'Scope' is not assignable to the same property in base type 'Scope'.
  Type 'import("/Users/christireid/Dev/Clarity-ai-chat-components/node_modules/@types/eslint-scope/index").Scope' is not assignable to type 'import("/Users/christireid/Dev/Clarity-ai-chat-components/node_modules/eslint/lib/types/index").Scope.Scope'.
    Types of property 'block' are incompatible.
      Type 'import("/Users/christireid/Dev/Clarity-ai-chat-components/node_modules/@types/estree/index").Node' is not assignable to type 'import("/Users/christireid/Dev/Clarity-ai-chat-components/node_modules/eslint/node_modules/@types/estree/index").Node'.
        Type 'Program' is not assignable to type 'Node'.
          Type 'import("/Users/christireid/Dev/Clarity-ai-chat-components/node_modules/@types/estree/index").Program' is not assignable to type 'import("/Users/christireid/Dev/Clarity-ai-chat-components/node_modules/eslint/node_modules/@types/estree/index").Program'.
            Types of property 'body' are incompatible.
              Type '(Statement | ModuleDeclaration | Directive)[]' is not assignable to type '(ModuleDeclaration | Statement | Directive)[]'.
                Type 'Statement | ModuleDeclaration | Directive' is not assignable to type 'ModuleDeclaration | Statement | Directive'.
                  Type 'ImportDeclaration' is not assignable to type 'ModuleDeclaration | Statement | Directive'.
                    Property 'attributes' is missing in type 'import("/Users/christireid/Dev/Clarity-ai-chat-components/node_modules/@types/estree/index").ImportDeclaration' but required in type 'import("/Users/christireid/Dev/Clarity-ai-chat-components/node_modules/eslint/node_modules/@types/estree/index").ImportDeclaration'.
../../node_modules/@types/eslint-scope/index.d.ts(28,5): error TS2416: Property 'childScopes' in type 'Scope' is not assignable to the same property in base type 'Scope'.
  Type 'import("/Users/christireid/Dev/Clarity-ai-chat-components/node_modules/@types/eslint-scope/index").Scope[]' is not assignable to type 'import("/Users/christireid/Dev/Clarity-ai-chat-components/node_modules/eslint/lib/types/index").Scope.Scope[]'.
    Type 'import("/Users/christireid/Dev/Clarity-ai-chat-components/node_modules/@types/eslint-scope/index").Scope' is not assignable to type 'import("/Users/christireid/Dev/Clarity-ai-chat-components/node_modules/eslint/lib/types/index").Scope.Scope'.
      Types of property 'block' are incompatible.
        Type 'import("/Users/christireid/Dev/Clarity-ai-chat-components/node_modules/@types/estree/index").Node' is not assignable to type 'import("/Users/christireid/Dev/Clarity-ai-chat-components/node_modules/eslint/node_modules/@types/estree/index").Node'.
          Type 'Program' is not assignable to type 'Node'.
            Type 'import("/Users/christireid/Dev/Clarity-ai-chat-components/node_modules/@types/estree/index").Program' is not assignable to type 'import("/Users/christireid/Dev/Clarity-ai-chat-components/node_modules/eslint/node_modules/@types/estree/index").Program'.
              Types of property 'body' are incompatible.
                Type '(Statement | ModuleDeclaration | Directive)[]' is not assignable to type '(ModuleDeclaration | Statement | Directive)[]'.
                  Type 'Statement | ModuleDeclaration | Directive' is not assignable to type 'ModuleDeclaration | Statement | Directive'.
                    Type 'ImportDeclaration' is not assignable to type 'ModuleDeclaration | Statement | Directive'.
                      Property 'attributes' is missing in type 'import("/Users/christireid/Dev/Clarity-ai-chat-components/node_modules/@types/estree/index").ImportDeclaration' but required in type 'import("/Users/christireid/Dev/Clarity-ai-chat-components/node_modules/eslint/node_modules/@types/estree/index").ImportDeclaration'.
../../node_modules/@types/eslint-scope/index.d.ts(29,5): error TS2416: Property 'variableScope' in type 'Scope' is not assignable to the same property in base type 'Scope'.
  Type 'import("/Users/christireid/Dev/Clarity-ai-chat-components/node_modules/@types/eslint-scope/index").Scope' is not assignable to type 'import("/Users/christireid/Dev/Clarity-ai-chat-components/node_modules/eslint/lib/types/index").Scope.Scope'.
    Types of property 'block' are incompatible.
      Type 'import("/Users/christireid/Dev/Clarity-ai-chat-components/node_modules/@types/estree/index").Node' is not assignable to type 'import("/Users/christireid/Dev/Clarity-ai-chat-components/node_modules/eslint/node_modules/@types/estree/index").Node'.
        Type 'Program' is not assignable to type 'Node'.
          Type 'import("/Users/christireid/Dev/Clarity-ai-chat-components/node_modules/@types/estree/index").Program' is not assignable to type 'import("/Users/christireid/Dev/Clarity-ai-chat-components/node_modules/eslint/node_modules/@types/estree/index").Program'.
            Types of property 'body' are incompatible.
              Type '(Statement | ModuleDeclaration | Directive)[]' is not assignable to type '(ModuleDeclaration | Statement | Directive)[]'.
                Type 'Statement | ModuleDeclaration | Directive' is not assignable to type 'ModuleDeclaration | Statement | Directive'.
                  Type 'ImportDeclaration' is not assignable to type 'ModuleDeclaration | Statement | Directive'.
                    Property 'attributes' is missing in type 'import("/Users/christireid/Dev/Clarity-ai-chat-components/node_modules/@types/estree/index").ImportDeclaration' but required in type 'import("/Users/christireid/Dev/Clarity-ai-chat-components/node_modules/eslint/node_modules/@types/estree/index").ImportDeclaration'.
../../node_modules/@types/eslint-scope/index.d.ts(30,5): error TS2416: Property 'block' in type 'Scope' is not assignable to the same property in base type 'Scope'.
  Type 'import("/Users/christireid/Dev/Clarity-ai-chat-components/node_modules/@types/estree/index").Node' is not assignable to type 'import("/Users/christireid/Dev/Clarity-ai-chat-components/node_modules/eslint/node_modules/@types/estree/index").Node'.
    Type 'Program' is not assignable to type 'Node'.
      Type 'import("/Users/christireid/Dev/Clarity-ai-chat-components/node_modules/@types/estree/index").Program' is not assignable to type 'import("/Users/christireid/Dev/Clarity-ai-chat-components/node_modules/eslint/node_modules/@types/estree/index").Program'.
        Types of property 'body' are incompatible.
          Type '(Statement | ModuleDeclaration | Directive)[]' is not assignable to type '(ModuleDeclaration | Statement | Directive)[]'.
            Type 'Statement | ModuleDeclaration | Directive' is not assignable to type 'ModuleDeclaration | Statement | Directive'.
              Type 'ImportDeclaration' is not assignable to type 'ModuleDeclaration | Statement | Directive'.
                Property 'attributes' is missing in type 'import("/Users/christireid/Dev/Clarity-ai-chat-components/node_modules/@types/estree/index").ImportDeclaration' but required in type 'import("/Users/christireid/Dev/Clarity-ai-chat-components/node_modules/eslint/node_modules/@types/estree/index").ImportDeclaration'.
../../node_modules/@types/eslint-scope/index.d.ts(31,5): error TS2416: Property 'variables' in type 'Scope' is not assignable to the same property in base type 'Scope'.
  Type 'import("/Users/christireid/Dev/Clarity-ai-chat-components/node_modules/@types/eslint-scope/index").Variable[]' is not assignable to type 'import("/Users/christireid/Dev/Clarity-ai-chat-components/node_modules/eslint/lib/types/index").Scope.Variable[]'.
    Type 'import("/Users/christireid/Dev/Clarity-ai-chat-components/node_modules/@types/eslint-scope/index").Variable' is not assignable to type 'import("/Users/christireid/Dev/Clarity-ai-chat-components/node_modules/eslint/lib/types/index").Scope.Variable'.
      The types of 'scope.block' are incompatible between these types.
        Type 'import("/Users/christireid/Dev/Clarity-ai-chat-components/node_modules/@types/estree/index").Node' is not assignable to type 'import("/Users/christireid/Dev/Clarity-ai-chat-components/node_modules/eslint/node_modules/@types/estree/index").Node'.
          Type 'Program' is not assignable to type 'Node'.
            Type 'import("/Users/christireid/Dev/Clarity-ai-chat-components/node_modules/@types/estree/index").Program' is not assignable to type 'import("/Users/christireid/Dev/Clarity-ai-chat-components/node_modules/eslint/node_modules/@types/estree/index").Program'.
              Types of property 'body' are incompatible.
                Type '(Statement | ModuleDeclaration | Directive)[]' is not assignable to type '(ModuleDeclaration | Statement | Directive)[]'.
                  Type 'Statement | ModuleDeclaration | Directive' is not assignable to type 'ModuleDeclaration | Statement | Directive'.
                    Type 'ImportDeclaration' is not assignable to type 'ModuleDeclaration | Statement | Directive'.
                      Property 'attributes' is missing in type 'import("/Users/christireid/Dev/Clarity-ai-chat-components/node_modules/@types/estree/index").ImportDeclaration' but required in type 'import("/Users/christireid/Dev/Clarity-ai-chat-components/node_modules/eslint/node_modules/@types/estree/index").ImportDeclaration'.
../../node_modules/@types/eslint-scope/index.d.ts(32,5): error TS2416: Property 'set' in type 'Scope' is not assignable to the same property in base type 'Scope'.
  Type 'Map<string, import("/Users/christireid/Dev/Clarity-ai-chat-components/node_modules/@types/eslint-scope/index").Variable>' is not assignable to type 'Map<string, import("/Users/christireid/Dev/Clarity-ai-chat-components/node_modules/eslint/lib/types/index").Scope.Variable>'.
    Type 'import("/Users/christireid/Dev/Clarity-ai-chat-components/node_modules/@types/eslint-scope/index").Variable' is not assignable to type 'import("/Users/christireid/Dev/Clarity-ai-chat-components/node_modules/eslint/lib/types/index").Scope.Variable'.
      The types of 'scope.block' are incompatible between these types.
        Type 'import("/Users/christireid/Dev/Clarity-ai-chat-components/node_modules/@types/estree/index").Node' is not assignable to type 'import("/Users/christireid/Dev/Clarity-ai-chat-components/node_modules/eslint/node_modules/@types/estree/index").Node'.
          Type 'Program' is not assignable to type 'Node'.
            Type 'import("/Users/christireid/Dev/Clarity-ai-chat-components/node_modules/@types/estree/index").Program' is not assignable to type 'import("/Users/christireid/Dev/Clarity-ai-chat-components/node_modules/eslint/node_modules/@types/estree/index").Program'.
              Types of property 'body' are incompatible.
                Type '(Statement | ModuleDeclaration | Directive)[]' is not assignable to type '(ModuleDeclaration | Statement | Directive)[]'.
                  Type 'Statement | ModuleDeclaration | Directive' is not assignable to type 'ModuleDeclaration | Statement | Directive'.
                    Type 'ImportDeclaration' is not assignable to type 'ModuleDeclaration | Statement | Directive'.
                      Property 'attributes' is missing in type 'import("/Users/christireid/Dev/Clarity-ai-chat-components/node_modules/@types/estree/index").ImportDeclaration' but required in type 'import("/Users/christireid/Dev/Clarity-ai-chat-components/node_modules/eslint/node_modules/@types/estree/index").ImportDeclaration'.
../../node_modules/@types/eslint-scope/index.d.ts(33,5): error TS2416: Property 'references' in type 'Scope' is not assignable to the same property in base type 'Scope'.
  Type 'import("/Users/christireid/Dev/Clarity-ai-chat-components/node_modules/@types/eslint-scope/index").Reference[]' is not assignable to type 'import("/Users/christireid/Dev/Clarity-ai-chat-components/node_modules/eslint/lib/types/index").Scope.Reference[]'.
    Type 'import("/Users/christireid/Dev/Clarity-ai-chat-components/node_modules/@types/eslint-scope/index").Reference' is not assignable to type 'import("/Users/christireid/Dev/Clarity-ai-chat-components/node_modules/eslint/lib/types/index").Scope.Reference'.
      The types of 'from.block' are incompatible between these types.
        Type 'import("/Users/christireid/Dev/Clarity-ai-chat-components/node_modules/@types/estree/index").Node' is not assignable to type 'import("/Users/christireid/Dev/Clarity-ai-chat-components/node_modules/eslint/node_modules/@types/estree/index").Node'.
          Type 'Program' is not assignable to type 'Node'.
            Type 'import("/Users/christireid/Dev/Clarity-ai-chat-components/node_modules/@types/estree/index").Program' is not assignable to type 'import("/Users/christireid/Dev/Clarity-ai-chat-components/node_modules/eslint/node_modules/@types/estree/index").Program'.
              Types of property 'body' are incompatible.
                Type '(Statement | ModuleDeclaration | Directive)[]' is not assignable to type '(ModuleDeclaration | Statement | Directive)[]'.
                  Type 'Statement | ModuleDeclaration | Directive' is not assignable to type 'ModuleDeclaration | Statement | Directive'.
                    Type 'ImportDeclaration' is not assignable to type 'ModuleDeclaration | Statement | Directive'.
                      Property 'attributes' is missing in type 'import("/Users/christireid/Dev/Clarity-ai-chat-components/node_modules/@types/estree/index").ImportDeclaration' but required in type 'import("/Users/christireid/Dev/Clarity-ai-chat-components/node_modules/eslint/node_modules/@types/estree/index").ImportDeclaration'.
../../node_modules/@types/eslint-scope/index.d.ts(34,5): error TS2416: Property 'through' in type 'Scope' is not assignable to the same property in base type 'Scope'.
  Type 'import("/Users/christireid/Dev/Clarity-ai-chat-components/node_modules/@types/eslint-scope/index").Reference[]' is not assignable to type 'import("/Users/christireid/Dev/Clarity-ai-chat-components/node_modules/eslint/lib/types/index").Scope.Reference[]'.
    Type 'import("/Users/christireid/Dev/Clarity-ai-chat-components/node_modules/@types/eslint-scope/index").Reference' is not assignable to type 'import("/Users/christireid/Dev/Clarity-ai-chat-components/node_modules/eslint/lib/types/index").Scope.Reference'.
      The types of 'from.block' are incompatible between these types.
        Type 'import("/Users/christireid/Dev/Clarity-ai-chat-components/node_modules/@types/estree/index").Node' is not assignable to type 'import("/Users/christireid/Dev/Clarity-ai-chat-components/node_modules/eslint/node_modules/@types/estree/index").Node'.
          Type 'Program' is not assignable to type 'Node'.
            Type 'import("/Users/christireid/Dev/Clarity-ai-chat-components/node_modules/@types/estree/index").Program' is not assignable to type 'import("/Users/christireid/Dev/Clarity-ai-chat-components/node_modules/eslint/node_modules/@types/estree/index").Program'.
              Types of property 'body' are incompatible.
                Type '(Statement | ModuleDeclaration | Directive)[]' is not assignable to type '(ModuleDeclaration | Statement | Directive)[]'.
                  Type 'Statement | ModuleDeclaration | Directive' is not assignable to type 'ModuleDeclaration | Statement | Directive'.
                    Type 'ImportDeclaration' is not assignable to type 'ModuleDeclaration | Statement | Directive'.
                      Property 'attributes' is missing in type 'import("/Users/christireid/Dev/Clarity-ai-chat-components/node_modules/@types/estree/index").ImportDeclaration' but required in type 'import("/Users/christireid/Dev/Clarity-ai-chat-components/node_modules/eslint/node_modules/@types/estree/index").ImportDeclaration'.
../../node_modules/@types/eslint-scope/index.d.ts(40,5): error TS2416: Property 'scope' in type 'Variable' is not assignable to the same property in base type 'Variable'.
  Type 'import("/Users/christireid/Dev/Clarity-ai-chat-components/node_modules/@types/eslint-scope/index").Scope' is not assignable to type 'import("/Users/christireid/Dev/Clarity-ai-chat-components/node_modules/eslint/lib/types/index").Scope.Scope'.
    Types of property 'block' are incompatible.
      Type 'import("/Users/christireid/Dev/Clarity-ai-chat-components/node_modules/@types/estree/index").Node' is not assignable to type 'import("/Users/christireid/Dev/Clarity-ai-chat-components/node_modules/eslint/node_modules/@types/estree/index").Node'.
        Type 'Program' is not assignable to type 'Node'.
          Type 'import("/Users/christireid/Dev/Clarity-ai-chat-components/node_modules/@types/estree/index").Program' is not assignable to type 'import("/Users/christireid/Dev/Clarity-ai-chat-components/node_modules/eslint/node_modules/@types/estree/index").Program'.
            Types of property 'body' are incompatible.
              Type '(Statement | ModuleDeclaration | Directive)[]' is not assignable to type '(ModuleDeclaration | Statement | Directive)[]'.
                Type 'Statement | ModuleDeclaration | Directive' is not assignable to type 'ModuleDeclaration | Statement | Directive'.
                  Type 'ImportDeclaration' is not assignable to type 'ModuleDeclaration | Statement | Directive'.
                    Property 'attributes' is missing in type 'import("/Users/christireid/Dev/Clarity-ai-chat-components/node_modules/@types/estree/index").ImportDeclaration' but required in type 'import("/Users/christireid/Dev/Clarity-ai-chat-components/node_modules/eslint/node_modules/@types/estree/index").ImportDeclaration'.
../../node_modules/@types/eslint-scope/index.d.ts(42,5): error TS2416: Property 'references' in type 'Variable' is not assignable to the same property in base type 'Variable'.
  Type 'import("/Users/christireid/Dev/Clarity-ai-chat-components/node_modules/@types/eslint-scope/index").Reference[]' is not assignable to type 'import("/Users/christireid/Dev/Clarity-ai-chat-components/node_modules/eslint/lib/types/index").Scope.Reference[]'.
    Type 'import("/Users/christireid/Dev/Clarity-ai-chat-components/node_modules/@types/eslint-scope/index").Reference' is not assignable to type 'import("/Users/christireid/Dev/Clarity-ai-chat-components/node_modules/eslint/lib/types/index").Scope.Reference'.
      The types of 'from.block' are incompatible between these types.
        Type 'import("/Users/christireid/Dev/Clarity-ai-chat-components/node_modules/@types/estree/index").Node' is not assignable to type 'import("/Users/christireid/Dev/Clarity-ai-chat-components/node_modules/eslint/node_modules/@types/estree/index").Node'.
          Type 'Program' is not assignable to type 'Node'.
            Type 'import("/Users/christireid/Dev/Clarity-ai-chat-components/node_modules/@types/estree/index").Program' is not assignable to type 'import("/Users/christireid/Dev/Clarity-ai-chat-components/node_modules/eslint/node_modules/@types/estree/index").Program'.
              Types of property 'body' are incompatible.
                Type '(Statement | ModuleDeclaration | Directive)[]' is not assignable to type '(ModuleDeclaration | Statement | Directive)[]'.
                  Type 'Statement | ModuleDeclaration | Directive' is not assignable to type 'ModuleDeclaration | Statement | Directive'.
                    Type 'ImportDeclaration' is not assignable to type 'ModuleDeclaration | Statement | Directive'.
                      Property 'attributes' is missing in type 'import("/Users/christireid/Dev/Clarity-ai-chat-components/node_modules/@types/estree/index").ImportDeclaration' but required in type 'import("/Users/christireid/Dev/Clarity-ai-chat-components/node_modules/eslint/node_modules/@types/estree/index").ImportDeclaration'.
../../node_modules/@types/eslint-scope/index.d.ts(48,5): error TS2416: Property 'from' in type 'Reference' is not assignable to the same property in base type 'Reference'.
  Type 'import("/Users/christireid/Dev/Clarity-ai-chat-components/node_modules/@types/eslint-scope/index").Scope' is not assignable to type 'import("/Users/christireid/Dev/Clarity-ai-chat-components/node_modules/eslint/lib/types/index").Scope.Scope'.
    Types of property 'block' are incompatible.
      Type 'import("/Users/christireid/Dev/Clarity-ai-chat-components/node_modules/@types/estree/index").Node' is not assignable to type 'import("/Users/christireid/Dev/Clarity-ai-chat-components/node_modules/eslint/node_modules/@types/estree/index").Node'.
        Type 'Program' is not assignable to type 'Node'.
          Type 'import("/Users/christireid/Dev/Clarity-ai-chat-components/node_modules/@types/estree/index").Program' is not assignable to type 'import("/Users/christireid/Dev/Clarity-ai-chat-components/node_modules/eslint/node_modules/@types/estree/index").Program'.
            Types of property 'body' are incompatible.
              Type '(Statement | ModuleDeclaration | Directive)[]' is not assignable to type '(ModuleDeclaration | Statement | Directive)[]'.
                Type 'Statement | ModuleDeclaration | Directive' is not assignable to type 'ModuleDeclaration | Statement | Directive'.
                  Type 'ImportDeclaration' is not assignable to type 'ModuleDeclaration | Statement | Directive'.
                    Property 'attributes' is missing in type 'import("/Users/christireid/Dev/Clarity-ai-chat-components/node_modules/@types/estree/index").ImportDeclaration' but required in type 'import("/Users/christireid/Dev/Clarity-ai-chat-components/node_modules/eslint/node_modules/@types/estree/index").ImportDeclaration'.
../../node_modules/@types/eslint-scope/index.d.ts(49,5): error TS2416: Property 'resolved' in type 'Reference' is not assignable to the same property in base type 'Reference'.
  Type 'import("/Users/christireid/Dev/Clarity-ai-chat-components/node_modules/@types/eslint-scope/index").Variable' is not assignable to type 'import("/Users/christireid/Dev/Clarity-ai-chat-components/node_modules/eslint/lib/types/index").Scope.Variable'.
    The types of 'scope.block' are incompatible between these types.
      Type 'import("/Users/christireid/Dev/Clarity-ai-chat-components/node_modules/@types/estree/index").Node' is not assignable to type 'import("/Users/christireid/Dev/Clarity-ai-chat-components/node_modules/eslint/node_modules/@types/estree/index").Node'.
        Type 'Program' is not assignable to type 'Node'.
          Type 'import("/Users/christireid/Dev/Clarity-ai-chat-components/node_modules/@types/estree/index").Program' is not assignable to type 'import("/Users/christireid/Dev/Clarity-ai-chat-components/node_modules/eslint/node_modules/@types/estree/index").Program'.
            Types of property 'body' are incompatible.
              Type '(Statement | ModuleDeclaration | Directive)[]' is not assignable to type '(ModuleDeclaration | Statement | Directive)[]'.
                Type 'Statement | ModuleDeclaration | Directive' is not assignable to type 'ModuleDeclaration | Statement | Directive'.
                  Type 'ImportDeclaration' is not assignable to type 'ModuleDeclaration | Statement | Directive'.
                    Property 'attributes' is missing in type 'import("/Users/christireid/Dev/Clarity-ai-chat-components/node_modules/@types/estree/index").ImportDeclaration' but required in type 'import("/Users/christireid/Dev/Clarity-ai-chat-components/node_modules/eslint/node_modules/@types/estree/index").ImportDeclaration'.
../../node_modules/@types/eslint-scope/index.d.ts(50,5): error TS2416: Property 'writeExpr' in type 'Reference' is not assignable to the same property in base type 'Reference'.
  Type 'import("/Users/christireid/Dev/Clarity-ai-chat-components/node_modules/@types/estree/index").Node' is not assignable to type 'import("/Users/christireid/Dev/Clarity-ai-chat-components/node_modules/eslint/node_modules/@types/estree/index").Node'.
    Type 'Program' is not assignable to type 'Node'.
      Type 'import("/Users/christireid/Dev/Clarity-ai-chat-components/node_modules/@types/estree/index").Program' is not assignable to type 'import("/Users/christireid/Dev/Clarity-ai-chat-components/node_modules/eslint/node_modules/@types/estree/index").Program'.
        Types of property 'body' are incompatible.
          Type '(Statement | ModuleDeclaration | Directive)[]' is not assignable to type '(ModuleDeclaration | Statement | Directive)[]'.
            Type 'Statement | ModuleDeclaration | Directive' is not assignable to type 'ModuleDeclaration | Statement | Directive'.
              Type 'ImportDeclaration' is not assignable to type 'ModuleDeclaration | Statement | Directive'.
                Property 'attributes' is missing in type 'import("/Users/christireid/Dev/Clarity-ai-chat-components/node_modules/@types/estree/index").ImportDeclaration' but required in type 'import("/Users/christireid/Dev/Clarity-ai-chat-components/node_modules/eslint/node_modules/@types/estree/index").ImportDeclaration'.
../../node_modules/@types/glob/index.d.ts(29,42): error TS2694: Namespace '"/Users/christireid/Dev/Clarity-ai-chat-components/node_modules/minimatch/dist/commonjs/index"' has no exported member 'IOptions'.
../../node_modules/@types/glob/index.d.ts(74,30): error TS2724: '"/Users/christireid/Dev/Clarity-ai-chat-components/node_modules/minimatch/dist/commonjs/index"' has no exported member named 'IMinimatch'. Did you mean 'Minimatch'?
../../node_modules/@types/mdx/types.d.ts(23,38): error TS2503: Cannot find namespace 'JSX'.
../../node_modules/@types/mdx/types.d.ts(28,23): error TS2503: Cannot find namespace 'JSX'.
../../node_modules/@types/mdx/types.d.ts(47,28): error TS2503: Cannot find namespace 'JSX'.
../../node_modules/@types/mdx/types.d.ts(73,46): error TS2503: Cannot find namespace 'JSX'.
../../node_modules/minimatch/dist/commonjs/ast.d.ts(4,5): error TS18028: Private identifiers are only available when targeting ECMAScript 2015 and higher.
npm error Lifecycle script `typecheck` failed with error:
npm error code 2
npm error path /Users/christireid/Dev/Clarity-ai-chat-components/packages/licensing
npm error workspace @clarity-chat/licensing@0.1.0
npm error location /Users/christireid/Dev/Clarity-ai-chat-components/packages/licensing
npm error command failed
npm error command sh -c tsc --noEmit
